// Jest Snapshot v1, https://goo.gl/fbAQLP

exports[`GifItem debe de hacer mach con el snapshot 1`] = `
<div>
  <img
    alt="Un titulo"
    class="gif-item"
    src="https://localhost/algo.jpg"
  />
</div>
`;
